// Jest Snapshot v1, https://goo.gl/fbAQLP

exports[`Toast renders correctly don't renders close button if closeable=false 1`] = `
<div
  aria-live="polite"
  className="monday-style-toast monday-style-toast--type-normal"
  role="alert"
>
  <div
    className="monday-style-toast-icon"
  >
    <svg
      aria-hidden={true}
      className="icon_component icon_component--no-focus-style"
      fill="currentColor"
      height="24px"
      onClick={[Function]}
      viewBox="0 0 20 20"
      width="24px"
    >
      <path
        clipRule="evenodd"
        d="M4.5559 4.55593C5.99976 3.11206 7.95806 2.3009 10 2.3009C12.0419 2.3009 14.0002 3.11206 15.4441 4.55593C16.888 5.99979 17.6991 7.9581 17.6991 10C17.6991 12.042 16.888 14.0003 15.4441 15.4441C14.0002 16.888 12.0419 17.6992 10 17.6992C7.95806 17.6992 5.99976 16.888 4.5559 15.4441C3.11203 14.0003 2.30087 12.042 2.30087 10C2.30087 7.9581 3.11203 5.99979 4.5559 4.55593ZM10 3.8009C8.35589 3.8009 6.77912 4.45402 5.61656 5.61659C4.45399 6.77915 3.80087 8.35592 3.80087 10C3.80087 11.6441 4.45399 13.2209 5.61656 14.3835C6.77912 15.546 8.35589 16.1992 10 16.1992C11.6441 16.1992 13.2209 15.546 14.3834 14.3835C15.546 13.2209 16.1991 11.6441 16.1991 10C16.1991 8.35592 15.546 6.77915 14.3834 5.61659C13.2209 4.45402 11.6441 3.8009 10 3.8009ZM10 9.25006C10.4142 9.25006 10.75 9.58585 10.75 10.0001V13.4746C10.75 13.8888 10.4142 14.2246 10 14.2246C9.58579 14.2246 9.25 13.8888 9.25 13.4746V10.0001C9.25 9.58585 9.58579 9.25006 10 9.25006ZM9.54135 6.21669C9.7058 6.10681 9.89914 6.04816 10.0969 6.04816C10.3621 6.04816 10.6165 6.15351 10.804 6.34105C10.9916 6.52859 11.0969 6.78294 11.0969 7.04816C11.0969 7.24593 11.0383 7.43927 10.9284 7.60373C10.8185 7.76818 10.6623 7.89635 10.4796 7.97204C10.2969 8.04772 10.0958 8.06753 9.90183 8.02894C9.70786 7.99036 9.52967 7.89512 9.38982 7.75526C9.24996 7.61541 9.15472 7.43722 9.11614 7.24325C9.07755 7.04927 9.09736 6.8482 9.17304 6.66547C9.24873 6.48275 9.3769 6.32657 9.54135 6.21669Z"
        fill="currentColor"
        fillRule="evenodd"
      />
    </svg>
  </div>
  <div
    className="monday-style-toast-content"
  >
    Something Happened
  </div>
</div>
`;

exports[`Toast renders correctly renders correctly (renders nothing) with empty props 1`] = `null`;

exports[`Toast renders correctly renders correctly with button 1`] = `
<div
  aria-live="polite"
  className="monday-style-toast monday-style-toast--type-normal"
  role="alert"
>
  <div
    className="monday-style-toast-icon"
  >
    <svg
      aria-hidden={true}
      className="icon_component icon_component--no-focus-style"
      fill="currentColor"
      height="24px"
      onClick={[Function]}
      viewBox="0 0 20 20"
      width="24px"
    >
      <path
        clipRule="evenodd"
        d="M4.5559 4.55593C5.99976 3.11206 7.95806 2.3009 10 2.3009C12.0419 2.3009 14.0002 3.11206 15.4441 4.55593C16.888 5.99979 17.6991 7.9581 17.6991 10C17.6991 12.042 16.888 14.0003 15.4441 15.4441C14.0002 16.888 12.0419 17.6992 10 17.6992C7.95806 17.6992 5.99976 16.888 4.5559 15.4441C3.11203 14.0003 2.30087 12.042 2.30087 10C2.30087 7.9581 3.11203 5.99979 4.5559 4.55593ZM10 3.8009C8.35589 3.8009 6.77912 4.45402 5.61656 5.61659C4.45399 6.77915 3.80087 8.35592 3.80087 10C3.80087 11.6441 4.45399 13.2209 5.61656 14.3835C6.77912 15.546 8.35589 16.1992 10 16.1992C11.6441 16.1992 13.2209 15.546 14.3834 14.3835C15.546 13.2209 16.1991 11.6441 16.1991 10C16.1991 8.35592 15.546 6.77915 14.3834 5.61659C13.2209 4.45402 11.6441 3.8009 10 3.8009ZM10 9.25006C10.4142 9.25006 10.75 9.58585 10.75 10.0001V13.4746C10.75 13.8888 10.4142 14.2246 10 14.2246C9.58579 14.2246 9.25 13.8888 9.25 13.4746V10.0001C9.25 9.58585 9.58579 9.25006 10 9.25006ZM9.54135 6.21669C9.7058 6.10681 9.89914 6.04816 10.0969 6.04816C10.3621 6.04816 10.6165 6.15351 10.804 6.34105C10.9916 6.52859 11.0969 6.78294 11.0969 7.04816C11.0969 7.24593 11.0383 7.43927 10.9284 7.60373C10.8185 7.76818 10.6623 7.89635 10.4796 7.97204C10.2969 8.04772 10.0958 8.06753 9.90183 8.02894C9.70786 7.99036 9.52967 7.89512 9.38982 7.75526C9.24996 7.61541 9.15472 7.43722 9.11614 7.24325C9.07755 7.04927 9.09736 6.8482 9.17304 6.66547C9.24873 6.48275 9.3769 6.32657 9.54135 6.21669Z"
        fill="currentColor"
        fillRule="evenodd"
      />
    </svg>
  </div>
  <div
    className="monday-style-toast-content"
  >
    Something Happened
  </div>
  <div
    className="monday-style-toast-action"
  >
    <button
      aria-disabled={false}
      className="monday-style-toast-action_button monday-style-button monday-style-button--size-small monday-style-button--kind-secondary monday-style-button--color-on-primary-color"
      disabled={false}
      onBlur={[Function]}
      onClick={[Function]}
      onFocus={[Function]}
      onMouseDown={[Function]}
      onMouseUp={[Function]}
      type="button"
    >
       
      Undo 5
       
    </button>
  </div>
  <button
    aria-disabled={false}
    aria-label="close-toast"
    className="monday-style-toast_close-button monday-style-button monday-style-button--size-small monday-style-button--kind-tertiary monday-style-button--color-on-primary-color"
    disabled={false}
    onBlur={[Function]}
    onClick={[Function]}
    onFocus={[Function]}
    onMouseDown={[Function]}
    onMouseUp={[Function]}
    type="button"
  >
    <svg
      aria-hidden={true}
      className="icon_component icon_component--no-focus-style"
      fill="currentColor"
      height="20px"
      onClick={[Function]}
      viewBox="0 0 20 20"
      width="20px"
    >
      <path
        clipRule="evenodd"
        d="M6.53033 5.46967C6.23744 5.17678 5.76256 5.17678 5.46967 5.46967C5.17678 5.76256 5.17678 6.23744 5.46967 6.53033L8.62562 9.68628L5.47045 12.8415C5.17756 13.1343 5.17756 13.6092 5.47045 13.9021C5.76334 14.195 6.23822 14.195 6.53111 13.9021L9.68628 10.7469L12.8415 13.9021C13.1343 14.195 13.6092 14.195 13.9021 13.9021C14.195 13.6092 14.195 13.1343 13.9021 12.8415L10.7469 9.68628L13.9029 6.53033C14.1958 6.23744 14.1958 5.76256 13.9029 5.46967C13.61 5.17678 13.1351 5.17678 12.8422 5.46967L9.68628 8.62562L6.53033 5.46967Z"
        fill="currentColor"
        fillRule="evenodd"
      />
    </svg>
  </button>
</div>
`;

exports[`Toast renders correctly renders correctly with button and link 1`] = `
<div
  aria-live="polite"
  className="monday-style-toast monday-style-toast--type-normal"
  role="alert"
>
  <div
    className="monday-style-toast-icon"
  >
    <svg
      aria-hidden={true}
      className="icon_component icon_component--no-focus-style"
      fill="currentColor"
      height="24px"
      onClick={[Function]}
      viewBox="0 0 20 20"
      width="24px"
    >
      <path
        clipRule="evenodd"
        d="M4.5559 4.55593C5.99976 3.11206 7.95806 2.3009 10 2.3009C12.0419 2.3009 14.0002 3.11206 15.4441 4.55593C16.888 5.99979 17.6991 7.9581 17.6991 10C17.6991 12.042 16.888 14.0003 15.4441 15.4441C14.0002 16.888 12.0419 17.6992 10 17.6992C7.95806 17.6992 5.99976 16.888 4.5559 15.4441C3.11203 14.0003 2.30087 12.042 2.30087 10C2.30087 7.9581 3.11203 5.99979 4.5559 4.55593ZM10 3.8009C8.35589 3.8009 6.77912 4.45402 5.61656 5.61659C4.45399 6.77915 3.80087 8.35592 3.80087 10C3.80087 11.6441 4.45399 13.2209 5.61656 14.3835C6.77912 15.546 8.35589 16.1992 10 16.1992C11.6441 16.1992 13.2209 15.546 14.3834 14.3835C15.546 13.2209 16.1991 11.6441 16.1991 10C16.1991 8.35592 15.546 6.77915 14.3834 5.61659C13.2209 4.45402 11.6441 3.8009 10 3.8009ZM10 9.25006C10.4142 9.25006 10.75 9.58585 10.75 10.0001V13.4746C10.75 13.8888 10.4142 14.2246 10 14.2246C9.58579 14.2246 9.25 13.8888 9.25 13.4746V10.0001C9.25 9.58585 9.58579 9.25006 10 9.25006ZM9.54135 6.21669C9.7058 6.10681 9.89914 6.04816 10.0969 6.04816C10.3621 6.04816 10.6165 6.15351 10.804 6.34105C10.9916 6.52859 11.0969 6.78294 11.0969 7.04816C11.0969 7.24593 11.0383 7.43927 10.9284 7.60373C10.8185 7.76818 10.6623 7.89635 10.4796 7.97204C10.2969 8.04772 10.0958 8.06753 9.90183 8.02894C9.70786 7.99036 9.52967 7.89512 9.38982 7.75526C9.24996 7.61541 9.15472 7.43722 9.11614 7.24325C9.07755 7.04927 9.09736 6.8482 9.17304 6.66547C9.24873 6.48275 9.3769 6.32657 9.54135 6.21669Z"
        fill="currentColor"
        fillRule="evenodd"
      />
    </svg>
  </div>
  <div
    className="monday-style-toast-content"
  >
    Something Happened
    <a
      aria-label=""
      aria-labelledby=""
      className="monday-style-link monday-style-toast-action_link"
      href="https://monday.com"
      id=""
      onClick={[Function]}
      rel="noreferrer"
      target="_blank"
    >
      <span
        className="monday-style-link--text"
      >
        Lorem ipsum
      </span>
    </a>
  </div>
  <div
    className="monday-style-toast-action"
  >
    <button
      aria-disabled={false}
      className="monday-style-toast-action_button monday-style-button monday-style-button--size-small monday-style-button--kind-secondary monday-style-button--color-on-primary-color"
      disabled={false}
      onBlur={[Function]}
      onClick={[Function]}
      onFocus={[Function]}
      onMouseDown={[Function]}
      onMouseUp={[Function]}
      type="button"
    >
       
      Undo 5
       
    </button>
  </div>
  <button
    aria-disabled={false}
    aria-label="close-toast"
    className="monday-style-toast_close-button monday-style-button monday-style-button--size-small monday-style-button--kind-tertiary monday-style-button--color-on-primary-color"
    disabled={false}
    onBlur={[Function]}
    onClick={[Function]}
    onFocus={[Function]}
    onMouseDown={[Function]}
    onMouseUp={[Function]}
    type="button"
  >
    <svg
      aria-hidden={true}
      className="icon_component icon_component--no-focus-style"
      fill="currentColor"
      height="20px"
      onClick={[Function]}
      viewBox="0 0 20 20"
      width="20px"
    >
      <path
        clipRule="evenodd"
        d="M6.53033 5.46967C6.23744 5.17678 5.76256 5.17678 5.46967 5.46967C5.17678 5.76256 5.17678 6.23744 5.46967 6.53033L8.62562 9.68628L5.47045 12.8415C5.17756 13.1343 5.17756 13.6092 5.47045 13.9021C5.76334 14.195 6.23822 14.195 6.53111 13.9021L9.68628 10.7469L12.8415 13.9021C13.1343 14.195 13.6092 14.195 13.9021 13.9021C14.195 13.6092 14.195 13.1343 13.9021 12.8415L10.7469 9.68628L13.9029 6.53033C14.1958 6.23744 14.1958 5.76256 13.9029 5.46967C13.61 5.17678 13.1351 5.17678 12.8422 5.46967L9.68628 8.62562L6.53033 5.46967Z"
        fill="currentColor"
        fillRule="evenodd"
      />
    </svg>
  </button>
</div>
`;

exports[`Toast renders correctly renders correctly with link 1`] = `
<div
  aria-live="polite"
  className="monday-style-toast monday-style-toast--type-normal"
  role="alert"
>
  <div
    className="monday-style-toast-icon"
  >
    <svg
      aria-hidden={true}
      className="icon_component icon_component--no-focus-style"
      fill="currentColor"
      height="24px"
      onClick={[Function]}
      viewBox="0 0 20 20"
      width="24px"
    >
      <path
        clipRule="evenodd"
        d="M4.5559 4.55593C5.99976 3.11206 7.95806 2.3009 10 2.3009C12.0419 2.3009 14.0002 3.11206 15.4441 4.55593C16.888 5.99979 17.6991 7.9581 17.6991 10C17.6991 12.042 16.888 14.0003 15.4441 15.4441C14.0002 16.888 12.0419 17.6992 10 17.6992C7.95806 17.6992 5.99976 16.888 4.5559 15.4441C3.11203 14.0003 2.30087 12.042 2.30087 10C2.30087 7.9581 3.11203 5.99979 4.5559 4.55593ZM10 3.8009C8.35589 3.8009 6.77912 4.45402 5.61656 5.61659C4.45399 6.77915 3.80087 8.35592 3.80087 10C3.80087 11.6441 4.45399 13.2209 5.61656 14.3835C6.77912 15.546 8.35589 16.1992 10 16.1992C11.6441 16.1992 13.2209 15.546 14.3834 14.3835C15.546 13.2209 16.1991 11.6441 16.1991 10C16.1991 8.35592 15.546 6.77915 14.3834 5.61659C13.2209 4.45402 11.6441 3.8009 10 3.8009ZM10 9.25006C10.4142 9.25006 10.75 9.58585 10.75 10.0001V13.4746C10.75 13.8888 10.4142 14.2246 10 14.2246C9.58579 14.2246 9.25 13.8888 9.25 13.4746V10.0001C9.25 9.58585 9.58579 9.25006 10 9.25006ZM9.54135 6.21669C9.7058 6.10681 9.89914 6.04816 10.0969 6.04816C10.3621 6.04816 10.6165 6.15351 10.804 6.34105C10.9916 6.52859 11.0969 6.78294 11.0969 7.04816C11.0969 7.24593 11.0383 7.43927 10.9284 7.60373C10.8185 7.76818 10.6623 7.89635 10.4796 7.97204C10.2969 8.04772 10.0958 8.06753 9.90183 8.02894C9.70786 7.99036 9.52967 7.89512 9.38982 7.75526C9.24996 7.61541 9.15472 7.43722 9.11614 7.24325C9.07755 7.04927 9.09736 6.8482 9.17304 6.66547C9.24873 6.48275 9.3769 6.32657 9.54135 6.21669Z"
        fill="currentColor"
        fillRule="evenodd"
      />
    </svg>
  </div>
  <div
    className="monday-style-toast-content"
  >
    Something Happened
    <a
      aria-label=""
      aria-labelledby=""
      className="monday-style-link monday-style-toast-action_link"
      href="https://monday.com"
      id=""
      onClick={[Function]}
      rel="noreferrer"
      target="_blank"
    >
      <span
        className="monday-style-link--text"
      >
        Lorem ipsum
      </span>
    </a>
  </div>
  <div
    className="monday-style-toast-action"
  />
  <button
    aria-disabled={false}
    aria-label="close-toast"
    className="monday-style-toast_close-button monday-style-button monday-style-button--size-small monday-style-button--kind-tertiary monday-style-button--color-on-primary-color"
    disabled={false}
    onBlur={[Function]}
    onClick={[Function]}
    onFocus={[Function]}
    onMouseDown={[Function]}
    onMouseUp={[Function]}
    type="button"
  >
    <svg
      aria-hidden={true}
      className="icon_component icon_component--no-focus-style"
      fill="currentColor"
      height="20px"
      onClick={[Function]}
      viewBox="0 0 20 20"
      width="20px"
    >
      <path
        clipRule="evenodd"
        d="M6.53033 5.46967C6.23744 5.17678 5.76256 5.17678 5.46967 5.46967C5.17678 5.76256 5.17678 6.23744 5.46967 6.53033L8.62562 9.68628L5.47045 12.8415C5.17756 13.1343 5.17756 13.6092 5.47045 13.9021C5.76334 14.195 6.23822 14.195 6.53111 13.9021L9.68628 10.7469L12.8415 13.9021C13.1343 14.195 13.6092 14.195 13.9021 13.9021C14.195 13.6092 14.195 13.1343 13.9021 12.8415L10.7469 9.68628L13.9029 6.53033C14.1958 6.23744 14.1958 5.76256 13.9029 5.46967C13.61 5.17678 13.1351 5.17678 12.8422 5.46967L9.68628 8.62562L6.53033 5.46967Z"
        fill="currentColor"
        fillRule="evenodd"
      />
    </svg>
  </button>
</div>
`;

exports[`Toast renders correctly renders nothing when open is false 1`] = `null`;

exports[`Toast renders correctly renders toast when open is true 1`] = `
<div
  aria-live="polite"
  className="monday-style-toast monday-style-toast--type-normal"
  role="alert"
>
  <div
    className="monday-style-toast-icon"
  >
    <svg
      aria-hidden={true}
      className="icon_component icon_component--no-focus-style"
      fill="currentColor"
      height="24px"
      onClick={[Function]}
      viewBox="0 0 20 20"
      width="24px"
    >
      <path
        clipRule="evenodd"
        d="M4.5559 4.55593C5.99976 3.11206 7.95806 2.3009 10 2.3009C12.0419 2.3009 14.0002 3.11206 15.4441 4.55593C16.888 5.99979 17.6991 7.9581 17.6991 10C17.6991 12.042 16.888 14.0003 15.4441 15.4441C14.0002 16.888 12.0419 17.6992 10 17.6992C7.95806 17.6992 5.99976 16.888 4.5559 15.4441C3.11203 14.0003 2.30087 12.042 2.30087 10C2.30087 7.9581 3.11203 5.99979 4.5559 4.55593ZM10 3.8009C8.35589 3.8009 6.77912 4.45402 5.61656 5.61659C4.45399 6.77915 3.80087 8.35592 3.80087 10C3.80087 11.6441 4.45399 13.2209 5.61656 14.3835C6.77912 15.546 8.35589 16.1992 10 16.1992C11.6441 16.1992 13.2209 15.546 14.3834 14.3835C15.546 13.2209 16.1991 11.6441 16.1991 10C16.1991 8.35592 15.546 6.77915 14.3834 5.61659C13.2209 4.45402 11.6441 3.8009 10 3.8009ZM10 9.25006C10.4142 9.25006 10.75 9.58585 10.75 10.0001V13.4746C10.75 13.8888 10.4142 14.2246 10 14.2246C9.58579 14.2246 9.25 13.8888 9.25 13.4746V10.0001C9.25 9.58585 9.58579 9.25006 10 9.25006ZM9.54135 6.21669C9.7058 6.10681 9.89914 6.04816 10.0969 6.04816C10.3621 6.04816 10.6165 6.15351 10.804 6.34105C10.9916 6.52859 11.0969 6.78294 11.0969 7.04816C11.0969 7.24593 11.0383 7.43927 10.9284 7.60373C10.8185 7.76818 10.6623 7.89635 10.4796 7.97204C10.2969 8.04772 10.0958 8.06753 9.90183 8.02894C9.70786 7.99036 9.52967 7.89512 9.38982 7.75526C9.24996 7.61541 9.15472 7.43722 9.11614 7.24325C9.07755 7.04927 9.09736 6.8482 9.17304 6.66547C9.24873 6.48275 9.3769 6.32657 9.54135 6.21669Z"
        fill="currentColor"
        fillRule="evenodd"
      />
    </svg>
  </div>
  <div
    className="monday-style-toast-content"
  >
    Something Happened
  </div>
  <button
    aria-disabled={false}
    aria-label="close-toast"
    className="monday-style-toast_close-button monday-style-button monday-style-button--size-small monday-style-button--kind-tertiary monday-style-button--color-on-primary-color"
    disabled={false}
    onBlur={[Function]}
    onClick={[Function]}
    onFocus={[Function]}
    onMouseDown={[Function]}
    onMouseUp={[Function]}
    type="button"
  >
    <svg
      aria-hidden={true}
      className="icon_component icon_component--no-focus-style"
      fill="currentColor"
      height="20px"
      onClick={[Function]}
      viewBox="0 0 20 20"
      width="20px"
    >
      <path
        clipRule="evenodd"
        d="M6.53033 5.46967C6.23744 5.17678 5.76256 5.17678 5.46967 5.46967C5.17678 5.76256 5.17678 6.23744 5.46967 6.53033L8.62562 9.68628L5.47045 12.8415C5.17756 13.1343 5.17756 13.6092 5.47045 13.9021C5.76334 14.195 6.23822 14.195 6.53111 13.9021L9.68628 10.7469L12.8415 13.9021C13.1343 14.195 13.6092 14.195 13.9021 13.9021C14.195 13.6092 14.195 13.1343 13.9021 12.8415L10.7469 9.68628L13.9029 6.53033C14.1958 6.23744 14.1958 5.76256 13.9029 5.46967C13.61 5.17678 13.1351 5.17678 12.8422 5.46967L9.68628 8.62562L6.53033 5.46967Z"
        fill="currentColor"
        fillRule="evenodd"
      />
    </svg>
  </button>
</div>
`;
