// Jest Snapshot v1, https://goo.gl/fbAQLP

exports[`Button renders correctly with empty props 1`] = `
<button
  aria-disabled={false}
  className="monday-style-button monday-style-button--size-medium monday-style-button--kind-primary monday-style-button--color-primary"
  disabled={false}
  onBlur={[Function]}
  onClick={[Function]}
  onFocus={[Function]}
  onMouseDown={[Function]}
  onMouseUp={[Function]}
  type="button"
/>
`;

exports[`Button renders correctly with x 1`] = `
<button
  aria-disabled={false}
  className="monday-style-button monday-style-button--size-medium monday-style-button--kind-primary monday-style-button--color-primary"
  disabled={false}
  onBlur={[Function]}
  onClick={[Function]}
  onFocus={[Function]}
  onMouseDown={[Function]}
  onMouseUp={[Function]}
  type="button"
/>
`;

exports[`Button renders correctly with y 1`] = `
<button
  aria-disabled={false}
  className="monday-style-button monday-style-button--size-medium monday-style-button--kind-primary monday-style-button--color-primary"
  disabled={false}
  onBlur={[Function]}
  onClick={[Function]}
  onFocus={[Function]}
  onMouseDown={[Function]}
  onMouseUp={[Function]}
  type="button"
/>
`;
