// Jest Snapshot v1, https://goo.gl/fbAQLP

exports[`Chips renders correctly renders correctly disabled chip 1`] = `
<div
  className="chips--wrapper disabled"
  id=""
  style={
    Object {
      "backgroundColor": undefined,
    }
  }
>
  <div
    className="label"
  >
    
  </div>
</div>
`;

exports[`Chips renders correctly renders correctly with color 1`] = `
<div
  className="chips--wrapper with-close"
  id=""
  style={
    Object {
      "backgroundColor": "var(--negative-color-selected)",
    }
  }
>
  <div
    className="label"
  >
    
  </div>
  <svg
    aria-hidden={false}
    className="icon_component chip-icon close icon_component--clickable"
    fill="currentColor"
    height="18"
    onClick={[Function]}
    role="button"
    tabIndex={0}
    viewBox="0 0 20 20"
    width="18"
  >
    <path
      clipRule="evenodd"
      d="M6.53033 5.46967C6.23744 5.17678 5.76256 5.17678 5.46967 5.46967C5.17678 5.76256 5.17678 6.23744 5.46967 6.53033L8.62562 9.68628L5.47045 12.8415C5.17756 13.1343 5.17756 13.6092 5.47045 13.9021C5.76334 14.195 6.23822 14.195 6.53111 13.9021L9.68628 10.7469L12.8415 13.9021C13.1343 14.195 13.6092 14.195 13.9021 13.9021C14.195 13.6092 14.195 13.1343 13.9021 12.8415L10.7469 9.68628L13.9029 6.53033C14.1958 6.23744 14.1958 5.76256 13.9029 5.46967C13.61 5.17678 13.1351 5.17678 12.8422 5.46967L9.68628 8.62562L6.53033 5.46967Z"
      fill="currentColor"
      fillRule="evenodd"
    />
  </svg>
</div>
`;

exports[`Chips renders correctly renders correctly with empty props 1`] = `
<div
  className="chips--wrapper with-close"
  id=""
  style={
    Object {
      "backgroundColor": "var(--primary-selected-color)",
    }
  }
>
  <div
    className="label"
  >
    
  </div>
  <svg
    aria-hidden={false}
    className="icon_component chip-icon close icon_component--clickable"
    fill="currentColor"
    height="18"
    onClick={[Function]}
    role="button"
    tabIndex={0}
    viewBox="0 0 20 20"
    width="18"
  >
    <path
      clipRule="evenodd"
      d="M6.53033 5.46967C6.23744 5.17678 5.76256 5.17678 5.46967 5.46967C5.17678 5.76256 5.17678 6.23744 5.46967 6.53033L8.62562 9.68628L5.47045 12.8415C5.17756 13.1343 5.17756 13.6092 5.47045 13.9021C5.76334 14.195 6.23822 14.195 6.53111 13.9021L9.68628 10.7469L12.8415 13.9021C13.1343 14.195 13.6092 14.195 13.9021 13.9021C14.195 13.6092 14.195 13.1343 13.9021 12.8415L10.7469 9.68628L13.9029 6.53033C14.1958 6.23744 14.1958 5.76256 13.9029 5.46967C13.61 5.17678 13.1351 5.17678 12.8422 5.46967L9.68628 8.62562L6.53033 5.46967Z"
      fill="currentColor"
      fillRule="evenodd"
    />
  </svg>
</div>
`;

exports[`Chips renders correctly renders correctly with text 1`] = `
<div
  className="chips--wrapper with-close"
  id=""
  style={
    Object {
      "backgroundColor": "var(--primary-selected-color)",
    }
  }
>
  <div
    className="label"
  >
    text
  </div>
  <svg
    aria-hidden={false}
    className="icon_component chip-icon close icon_component--clickable"
    fill="currentColor"
    height="18"
    onClick={[Function]}
    role="button"
    tabIndex={0}
    viewBox="0 0 20 20"
    width="18"
  >
    <path
      clipRule="evenodd"
      d="M6.53033 5.46967C6.23744 5.17678 5.76256 5.17678 5.46967 5.46967C5.17678 5.76256 5.17678 6.23744 5.46967 6.53033L8.62562 9.68628L5.47045 12.8415C5.17756 13.1343 5.17756 13.6092 5.47045 13.9021C5.76334 14.195 6.23822 14.195 6.53111 13.9021L9.68628 10.7469L12.8415 13.9021C13.1343 14.195 13.6092 14.195 13.9021 13.9021C14.195 13.6092 14.195 13.1343 13.9021 12.8415L10.7469 9.68628L13.9029 6.53033C14.1958 6.23744 14.1958 5.76256 13.9029 5.46967C13.61 5.17678 13.1351 5.17678 12.8422 5.46967L9.68628 8.62562L6.53033 5.46967Z"
      fill="currentColor"
      fillRule="evenodd"
    />
  </svg>
</div>
`;

exports[`Chips renders correctly renders correctly without close button 1`] = `
<div
  className="chips--wrapper"
  id=""
  style={
    Object {
      "backgroundColor": "var(--primary-selected-color)",
    }
  }
>
  <div
    className="label"
  >
    
  </div>
</div>
`;
